ERROR|COMPILE_TIME_ERROR|EXTENDS_NON_CLASS|D:\\TaiLieuNam3_DUT\\HKII\\Python\\xiangqi\\mobile\\flutter_xiangqi\\lib\\features\\game\\game_controller.dart|5|30|30|Classes can only extend other classes.
ERROR|COMPILE_TIME_ERROR|UNDEFINED_IDENTIFIER|D:\\TaiLieuNam3_DUT\\HKII\\Python\\xiangqi\\mobile\\flutter_xiangqi\\lib\\features\\game\\game_controller.dart|8|12|3|Undefined name 'ref'.
ERROR|COMPILE_TIME_ERROR|UNDEFINED_IDENTIFIER|D:\\TaiLieuNam3_DUT\\HKII\\Python\\xiangqi\\mobile\\flutter_xiangqi\\lib\\features\\game\\game_controller.dart|12|5|5|Undefined name 'state'.
ERROR|COMPILE_TIME_ERROR|UNDEFINED_IDENTIFIER|D:\\TaiLieuNam3_DUT\\HKII\\Python\\xiangqi\\mobile\\flutter_xiangqi\\lib\\features\\game\\game_controller.dart|13|5|5|Undefined name 'state'.
ERROR|COMPILE_TIME_ERROR|UNDEFINED_IDENTIFIER|D:\\TaiLieuNam3_DUT\\HKII\\Python\\xiangqi\\mobile\\flutter_xiangqi\\lib\\features\\game\\game_controller.dart|13|42|3|Undefined name 'ref'.
ERROR|COMPILE_TIME_ERROR|UNDEFINED_IDENTIFIER|D:\\TaiLieuNam3_DUT\\HKII\\Python\\xiangqi\\mobile\\flutter_xiangqi\\lib\\features\\game\\game_controller.dart|13|83|3|Undefined name 'arg'.
ERROR|COMPILE_TIME_ERROR|TYPE_ARGUMENT_NOT_MATCHING_BOUNDS|D:\\TaiLieuNam3_DUT\\HKII\\Python\\xiangqi\\mobile\\flutter_xiangqi\\lib\\features\\game\\game_controller.dart|17|73|14|'GameController' doesn't conform to the bound 'AsyncNotifier<GameStateModel>' of the type parameter 'NotifierT'.
ERROR|COMPILE_TIME_ERROR|ARGUMENT_TYPE_NOT_ASSIGNABLE|D:\\TaiLieuNam3_DUT\\HKII\\Python\\xiangqi\\mobile\\flutter_xiangqi\\lib\\features\\game\\game_controller.dart|18|3|18|The argument type 'GameController Function()' can't be assigned to the parameter type 'GameController Function(String)'. 
ERROR|COMPILE_TIME_ERROR|UNDEFINED_GETTER|D:\\TaiLieuNam3_DUT\\HKII\\Python\\xiangqi\\mobile\\flutter_xiangqi\\lib\\features\\game\\game_screen.dart|37|41|2|The getter 'id' isn't defined for the type 'GameStateModel'.
ERROR|COMPILE_TIME_ERROR|UNDEFINED_GETTER|D:\\TaiLieuNam3_DUT\\HKII\\Python\\xiangqi\\mobile\\flutter_xiangqi\\lib\\features\\game\\game_screen.dart|43|46|10|The getter 'sideToMove' isn't defined for the type 'GameStateModel'.
ERROR|COMPILE_TIME_ERROR|UNDEFINED_GETTER|D:\\TaiLieuNam3_DUT\\HKII\\Python\\xiangqi\\mobile\\flutter_xiangqi\\lib\\features\\game\\game_screen.dart|47|48|12|The getter 'isAiThinking' isn't defined for the type 'GameStateModel'.
ERROR|COMPILE_TIME_ERROR|UNDEFINED_GETTER|D:\\TaiLieuNam3_DUT\\HKII\\Python\\xiangqi\\mobile\\flutter_xiangqi\\lib\\features\\game\\game_screen.dart|49|40|6|The getter 'result' isn't defined for the type 'GameStateModel'.
ERROR|COMPILE_TIME_ERROR|UNDEFINED_GETTER|D:\\TaiLieuNam3_DUT\\HKII\\Python\\xiangqi\\mobile\\flutter_xiangqi\\lib\\features\\game\\game_screen.dart|51|50|5|The getter 'board' isn't defined for the type 'GameStateModel'.
ERROR|COMPILE_TIME_ERROR|UNDEFINED_GETTER|D:\\TaiLieuNam3_DUT\\HKII\\Python\\xiangqi\\mobile\\flutter_xiangqi\\lib\\features\\game\\game_screen.dart|53|52|11|The getter 'moveHistory' isn't defined for the type 'GameStateModel'.
ERROR|COMPILE_TIME_ERROR|EXTENDS_NON_CLASS|D:\\TaiLieuNam3_DUT\\HKII\\Python\\xiangqi\\mobile\\flutter_xiangqi\\lib\\features\\new_game\\new_game_controller.dart|29|33|19|Classes can only extend other classes.
ERROR|COMPILE_TIME_ERROR|UNDEFINED_IDENTIFIER|D:\\TaiLieuNam3_DUT\\HKII\\Python\\xiangqi\\mobile\\flutter_xiangqi\\lib\\features\\new_game\\new_game_controller.dart|36|5|5|Undefined name 'state'.
ERROR|COMPILE_TIME_ERROR|UNDEFINED_IDENTIFIER|D:\\TaiLieuNam3_DUT\\HKII\\Python\\xiangqi\\mobile\\flutter_xiangqi\\lib\\features\\new_game\\new_game_controller.dart|36|13|5|Undefined name 'state'.
ERROR|COMPILE_TIME_ERROR|UNDEFINED_IDENTIFIER|D:\\TaiLieuNam3_DUT\\HKII\\Python\\xiangqi\\mobile\\flutter_xiangqi\\lib\\features\\new_game\\new_game_controller.dart|40|5|5|Undefined name 'state'.
ERROR|COMPILE_TIME_ERROR|UNDEFINED_IDENTIFIER|D:\\TaiLieuNam3_DUT\\HKII\\Python\\xiangqi\\mobile\\flutter_xiangqi\\lib\\features\\new_game\\new_game_controller.dart|40|13|5|Undefined name 'state'.
ERROR|COMPILE_TIME_ERROR|UNDEFINED_IDENTIFIER|D:\\TaiLieuNam3_DUT\\HKII\\Python\\xiangqi\\mobile\\flutter_xiangqi\\lib\\features\\new_game\\new_game_controller.dart|44|5|5|Undefined name 'state'.
ERROR|COMPILE_TIME_ERROR|UNDEFINED_IDENTIFIER|D:\\TaiLieuNam3_DUT\\HKII\\Python\\xiangqi\\mobile\\flutter_xiangqi\\lib\\features\\new_game\\new_game_controller.dart|44|13|5|Undefined name 'state'.
ERROR|COMPILE_TIME_ERROR|UNDEFINED_IDENTIFIER|D:\\TaiLieuNam3_DUT\\HKII\\Python\\xiangqi\\mobile\\flutter_xiangqi\\lib\\features\\new_game\\new_game_controller.dart|46|20|3|Undefined name 'ref'.
ERROR|COMPILE_TIME_ERROR|UNDEFINED_IDENTIFIER|D:\\TaiLieuNam3_DUT\\HKII\\Python\\xiangqi\\mobile\\flutter_xiangqi\\lib\\features\\new_game\\new_game_controller.dart|47|44|5|Undefined name 'state'.
ERROR|COMPILE_TIME_ERROR|UNDEFINED_IDENTIFIER|D:\\TaiLieuNam3_DUT\\HKII\\Python\\xiangqi\\mobile\\flutter_xiangqi\\lib\\features\\new_game\\new_game_controller.dart|47|62|5|Undefined name 'state'.
ERROR|COMPILE_TIME_ERROR|UNDEFINED_IDENTIFIER|D:\\TaiLieuNam3_DUT\\HKII\\Python\\xiangqi\\mobile\\flutter_xiangqi\\lib\\features\\new_game\\new_game_controller.dart|48|7|5|Undefined name 'state'.
ERROR|COMPILE_TIME_ERROR|UNDEFINED_IDENTIFIER|D:\\TaiLieuNam3_DUT\\HKII\\Python\\xiangqi\\mobile\\flutter_xiangqi\\lib\\features\\new_game\\new_game_controller.dart|48|15|5|Undefined name 'state'.
ERROR|COMPILE_TIME_ERROR|UNDEFINED_IDENTIFIER|D:\\TaiLieuNam3_DUT\\HKII\\Python\\xiangqi\\mobile\\flutter_xiangqi\\lib\\features\\new_game\\new_game_controller.dart|51|7|5|Undefined name 'state'.
ERROR|COMPILE_TIME_ERROR|UNDEFINED_IDENTIFIER|D:\\TaiLieuNam3_DUT\\HKII\\Python\\xiangqi\\mobile\\flutter_xiangqi\\lib\\features\\new_game\\new_game_controller.dart|51|15|5|Undefined name 'state'.
ERROR|COMPILE_TIME_ERROR|TYPE_ARGUMENT_NOT_MATCHING_BOUNDS|D:\\TaiLieuNam3_DUT\\HKII\\Python\\xiangqi\\mobile\\flutter_xiangqi\\lib\\features\\new_game\\new_game_controller.dart|57|64|17|'NewGameController' doesn't conform to the bound 'Notifier<NewGameState>' of the type parameter 'NotifierT'.
ERROR|COMPILE_TIME_ERROR|UNDEFINED_GETTER|D:\\TaiLieuNam3_DUT\\HKII\\Python\\xiangqi\\mobile\\flutter_xiangqi\\lib\\features\\new_game\\new_game_screen.dart|17|36|2|The getter 'id' isn't defined for the type 'GameStateModel'.
ERROR|COMPILE_TIME_ERROR|UNDEFINED_METHOD|D:\\TaiLieuNam3_DUT\\HKII\\Python\\xiangqi\\mobile\\flutter_xiangqi\\lib\\features\\new_game\\new_game_screen.dart|20|12|9|The method 'whenError' isn't defined for the type 'AsyncValue'.
WARNING|STATIC_WARNING|UNUSED_IMPORT|D:\\TaiLieuNam3_DUT\\HKII\\Python\\xiangqi\\mobile\\flutter_xiangqi\\lib\\app\\router.dart|1|8|31|Unused import: 'package:flutter/material.dart'.
WARNING|STATIC_WARNING|OVERRIDE_ON_NON_OVERRIDING_MEMBER|D:\\TaiLieuNam3_DUT\\HKII\\Python\\xiangqi\\mobile\\flutter_xiangqi\\lib\\features\\game\\game_controller.dart|7|26|5|The method doesn't override an inherited method.
WARNING|STATIC_WARNING|OVERRIDE_ON_NON_OVERRIDING_MEMBER|D:\\TaiLieuNam3_DUT\\HKII\\Python\\xiangqi\\mobile\\flutter_xiangqi\\lib\\features\\new_game\\new_game_controller.dart|31|16|5|The method doesn't override an inherited method.
